


BLOCK_COUNT 2
RUN APPLY BLOCK
APPLY OK
RUN ['python', 'scripts/structure_radar.py', 'refresh']
STRUCTURE_RADAR_CONTROLLER=PASS
LATEST_STAGE=Stage27
SOURCE_COUNT=2556
QUEUE_TASKS=5
ARSENAL_BACKFLOW_GAPS=1
CORPUS_FINGERPRINT=6e2f3b039e1bb7b70322a5348765b41e97d31b9356dfb269e26567d774a46625

RUN ['python', 'scripts/structure_radar.py', 'verify']
STRUCTURE_RADAR_CONTROLLER=PASS
LATEST_STAGE=Stage27
SOURCE_COUNT=2556
QUEUE_TASKS=5
ARSENAL_BACKFLOW_GAPS=1
CORPUS_FINGERPRINT=6e2f3b039e1bb7b70322a5348765b41e97d31b9356dfb269e26567d774a46625

RUN ['git', 'diff', '--check']

REFRESH VERIFY DIFFCHECK OK
RUN ASSERT BLOCK
Traceback (most recent call last):
  File "<stdin>", line 23, in <module>
  File "<batch30-assert>", line 20, in <module>
AssertionError: SR-CENSUS-STAGE02_13_HISTORY-01
